// Jest Snapshot v1, https://goo.gl/fbAQLP

exports[`Header Component 1`] = `
<header
  class="header"
>
  <h1>
    ** Searchy **
  </h1>
</header>
`;
